> Task :gradle-plugin:compileKotlin UP-TO-DATE
> Task :gradle-plugin:compileJava NO-SOURCE
> Task :gradle-plugin:pluginDescriptors UP-TO-DATE
> Task :gradle-plugin:processResources UP-TO-DATE
> Task :gradle-plugin:classes UP-TO-DATE
> Task :gradle-plugin:jar UP-TO-DATE
> Task :gradle-plugin:inspectClassesForKotlinIC UP-TO-DATE

> Configure project :notifee_react-native
:notifee_react-native @notifee/react-native found at C:\Work\React-Native\Food_Delivery_Mobile_App\node_modules\@notifee\react-native
:notifee_react-native package.json found at C:\Work\React-Native\Food_Delivery_Mobile_App\node_modules\@notifee\react-native\package.json
:notifee_react-native:version set from package.json: 9.1.8 (9,1,8 - 9001008)
:notifee_react-native:android.compileSdk using custom value: 34
:notifee_react-native:android.targetSdk using custom value: 34
:notifee_react-native:android.minSdk using custom value: 23
:notifee_react-native:reactNativeAndroidDir C:\Work\React-Native\Food_Delivery_Mobile_App\node_modules\react-native\android

> Configure project :react-native-firebase_app
:react-native-firebase_app package.json found at C:\Work\React-Native\Food_Delivery_Mobile_App\node_modules\@react-native-firebase\app\package.json
:react-native-firebase_app:firebase.bom using default value: 34.8.0
:react-native-firebase_app:play.play-services-auth using default value: 21.4.0
:react-native-firebase_app package.json found at C:\Work\React-Native\Food_Delivery_Mobile_App\node_modules\@react-native-firebase\app\package.json
:react-native-firebase_app:version set from package.json: 23.8.6 (23,8,6 - 23008006)
:react-native-firebase_app:android.compileSdk using custom value: 34
:react-native-firebase_app:android.targetSdk using custom value: 34
:react-native-firebase_app:android.minSdk using custom value: 23
:react-native-firebase_app:reactNativeAndroidDir C:\Work\React-Native\Food_Delivery_Mobile_App\node_modules\react-native\android

> Configure project :react-native-firebase_messaging
:react-native-firebase_messaging package.json found at C:\Work\React-Native\Food_Delivery_Mobile_App\node_modules\@react-native-firebase\messaging\package.json
:react-native-firebase_app package.json found at C:\Work\React-Native\Food_Delivery_Mobile_App\node_modules\@react-native-firebase\app\package.json
:react-native-firebase_messaging:firebase.bom using default value: 34.8.0
:react-native-firebase_messaging package.json found at C:\Work\React-Native\Food_Delivery_Mobile_App\node_modules\@react-native-firebase\messaging\package.json
:react-native-firebase_messaging:version set from package.json: 23.8.6 (23,8,6 - 23008006)
:react-native-firebase_messaging:android.compileSdk using custom value: 34
:react-native-firebase_messaging:android.targetSdk using custom value: 34
:react-native-firebase_messaging:android.minSdk using custom value: 23
:react-native-firebase_messaging:reactNativeAndroidDir C:\Work\React-Native\Food_Delivery_Mobile_App\node_modules\react-native\android

> Configure project :react-native-reanimated
Android gradle plugin: 8.1.1
Gradle: 8.3

> Configure project :react-native-vision-camera
[VisionCamera] Thank you for using VisionCamera ??
[VisionCamera] If you enjoy using VisionCamera, please consider sponsoring this project: https://github.com/sponsors/mrousavy
[VisionCamera] node_modules found at C:\Work\React-Native\Food_Delivery_Mobile_App\node_modules
[VisionCamera] VisionCamera_enableFrameProcessors is set to true!
[VisionCamera] react-native-worklets-core not found, Frame Processors are disabled!
[VisionCamera] VisionCamera_enableCodeScanner is set to false!

> Task :app:generateCodegenSchemaFromJavaScript SKIPPED
> Task :app:generateCodegenArtifactsFromSchema SKIPPED
> Task :app:preBuild UP-TO-DATE
> Task :app:preDebugBuild UP-TO-DATE
> Task :app:mergeDebugNativeDebugMetadata NO-SOURCE
> Task :app:generateDebugBuildConfig UP-TO-DATE
> Task :app:generateDebugResValues UP-TO-DATE
> Task :app:processDebugGoogleServices UP-TO-DATE
> Task :app:mapDebugSourceSetPaths
> Task :app:generateDebugResources UP-TO-DATE
> Task :app:checkDebugAarMetadata
> Task :app:packageDebugResources UP-TO-DATE
> Task :app:parseDebugLocalResources UP-TO-DATE
> Task :app:createDebugCompatibleScreenManifests UP-TO-DATE
> Task :app:extractDeepLinksDebug UP-TO-DATE
> Task :app:processDebugMainManifest
> Task :app:processDebugManifest
> Task :app:javaPreCompileDebug UP-TO-DATE
> Task :app:mergeDebugShaders UP-TO-DATE
> Task :app:compileDebugShaders NO-SOURCE
> Task :app:generateDebugAssets UP-TO-DATE
> Task :app:mergeDebugAssets UP-TO-DATE
> Task :app:compressDebugAssets UP-TO-DATE
> Task :app:desugarDebugFileDependencies UP-TO-DATE
> Task :app:checkDebugDuplicateClasses UP-TO-DATE
> Task :app:mergeExtDexDebug UP-TO-DATE
> Task :app:mergeLibDexDebug UP-TO-DATE
> Task :app:mergeDebugJniLibFolders UP-TO-DATE
> Task :app:mergeDebugNativeLibs UP-TO-DATE
> Task :app:stripDebugDebugSymbols UP-TO-DATE
> Task :app:validateSigningDebug UP-TO-DATE
> Task :app:writeDebugAppMetadata UP-TO-DATE
> Task :app:writeDebugSigningConfigVersions UP-TO-DATE
> Task :notifee_react-native:preBuild UP-TO-DATE
> Task :notifee_react-native:preDebugBuild UP-TO-DATE
> Task :notifee_react-native:mergeDebugJniLibFolders UP-TO-DATE
> Task :notifee_react-native:mergeDebugNativeLibs NO-SOURCE
> Task :notifee_react-native:stripDebugDebugSymbols NO-SOURCE
> Task :notifee_react-native:copyDebugJniLibsProjectAndLocalJars UP-TO-DATE
> Task :notifee_react-native:generateDebugBuildConfig UP-TO-DATE
> Task :notifee_react-native:generateDebugResValues UP-TO-DATE
> Task :notifee_react-native:generateDebugResources UP-TO-DATE
> Task :notifee_react-native:packageDebugResources UP-TO-DATE
> Task :notifee_react-native:parseDebugLocalResources UP-TO-DATE
> Task :notifee_react-native:processDebugManifest UP-TO-DATE
> Task :notifee_react-native:generateDebugRFile UP-TO-DATE
> Task :notifee_react-native:extractDebugAnnotations UP-TO-DATE
> Task :notifee_react-native:extractDeepLinksForAarDebug UP-TO-DATE
> Task :notifee_react-native:javaPreCompileDebug UP-TO-DATE
> Task :notifee_react-native:compileDebugJavaWithJavac UP-TO-DATE
> Task :notifee_react-native:mergeDebugGeneratedProguardFiles UP-TO-DATE
> Task :notifee_react-native:mergeDebugConsumerProguardFiles UP-TO-DATE
> Task :notifee_react-native:mergeDebugShaders UP-TO-DATE
> Task :notifee_react-native:compileDebugShaders NO-SOURCE
> Task :notifee_react-native:generateDebugAssets UP-TO-DATE
> Task :notifee_react-native:packageDebugAssets UP-TO-DATE
> Task :notifee_react-native:prepareDebugArtProfile UP-TO-DATE
> Task :notifee_react-native:prepareLintJarForPublish UP-TO-DATE
> Task :notifee_react-native:processDebugJavaRes NO-SOURCE
> Task :notifee_react-native:mergeDebugJavaResource UP-TO-DATE
> Task :notifee_react-native:syncDebugLibJars UP-TO-DATE
> Task :notifee_react-native:writeDebugAarMetadata UP-TO-DATE
> Task :notifee_react-native:bundleDebugAar UP-TO-DATE
> Task :notifee_react-native:assembleDebug UP-TO-DATE
> Task :react-native-bootsplash:preBuild UP-TO-DATE
> Task :react-native-bootsplash:preDebugBuild UP-TO-DATE
> Task :react-native-bootsplash:mergeDebugJniLibFolders UP-TO-DATE
> Task :react-native-bootsplash:mergeDebugNativeLibs NO-SOURCE
> Task :react-native-bootsplash:stripDebugDebugSymbols NO-SOURCE
> Task :react-native-bootsplash:copyDebugJniLibsProjectAndLocalJars UP-TO-DATE
> Task :app:processDebugManifestForPackage
> Task :react-native-bootsplash:generateDebugBuildConfig UP-TO-DATE
> Task :react-native-bootsplash:generateDebugResValues UP-TO-DATE
> Task :react-native-bootsplash:generateDebugResources UP-TO-DATE
> Task :react-native-bootsplash:packageDebugResources UP-TO-DATE
> Task :react-native-bootsplash:parseDebugLocalResources UP-TO-DATE
> Task :react-native-bootsplash:processDebugManifest UP-TO-DATE
> Task :react-native-bootsplash:generateDebugRFile UP-TO-DATE
> Task :react-native-bootsplash:extractDebugAnnotations UP-TO-DATE
> Task :react-native-bootsplash:extractDeepLinksForAarDebug UP-TO-DATE
> Task :react-native-bootsplash:javaPreCompileDebug UP-TO-DATE
> Task :react-native-bootsplash:compileDebugJavaWithJavac UP-TO-DATE
> Task :react-native-bootsplash:mergeDebugGeneratedProguardFiles UP-TO-DATE
> Task :react-native-bootsplash:mergeDebugConsumerProguardFiles UP-TO-DATE
> Task :react-native-bootsplash:mergeDebugShaders UP-TO-DATE
> Task :react-native-bootsplash:compileDebugShaders NO-SOURCE
> Task :react-native-bootsplash:generateDebugAssets UP-TO-DATE
> Task :react-native-bootsplash:packageDebugAssets UP-TO-DATE
> Task :react-native-bootsplash:prepareDebugArtProfile UP-TO-DATE
> Task :react-native-bootsplash:prepareLintJarForPublish UP-TO-DATE
> Task :react-native-bootsplash:processDebugJavaRes NO-SOURCE
> Task :react-native-bootsplash:mergeDebugJavaResource UP-TO-DATE
> Task :react-native-bootsplash:syncDebugLibJars UP-TO-DATE
> Task :react-native-bootsplash:writeDebugAarMetadata UP-TO-DATE
> Task :react-native-bootsplash:bundleDebugAar UP-TO-DATE
> Task :react-native-bootsplash:assembleDebug UP-TO-DATE
> Task :react-native-community_netinfo:preBuild UP-TO-DATE
> Task :react-native-community_netinfo:preDebugBuild UP-TO-DATE
> Task :react-native-community_netinfo:mergeDebugJniLibFolders UP-TO-DATE
> Task :react-native-community_netinfo:mergeDebugNativeLibs NO-SOURCE
> Task :react-native-community_netinfo:stripDebugDebugSymbols NO-SOURCE
> Task :react-native-community_netinfo:copyDebugJniLibsProjectAndLocalJars UP-TO-DATE
> Task :react-native-community_netinfo:generateDebugBuildConfig UP-TO-DATE
> Task :react-native-community_netinfo:generateDebugResValues UP-TO-DATE
> Task :react-native-community_netinfo:generateDebugResources UP-TO-DATE
> Task :react-native-community_netinfo:packageDebugResources UP-TO-DATE
> Task :react-native-community_netinfo:parseDebugLocalResources UP-TO-DATE
> Task :react-native-community_netinfo:processDebugManifest UP-TO-DATE
> Task :react-native-community_netinfo:generateDebugRFile UP-TO-DATE
> Task :react-native-community_netinfo:extractDebugAnnotations UP-TO-DATE
> Task :react-native-community_netinfo:extractDeepLinksForAarDebug UP-TO-DATE
> Task :react-native-community_netinfo:javaPreCompileDebug UP-TO-DATE
> Task :react-native-community_netinfo:compileDebugJavaWithJavac UP-TO-DATE
> Task :react-native-community_netinfo:mergeDebugGeneratedProguardFiles UP-TO-DATE
> Task :react-native-community_netinfo:mergeDebugConsumerProguardFiles UP-TO-DATE
> Task :react-native-community_netinfo:mergeDebugShaders UP-TO-DATE
> Task :react-native-community_netinfo:compileDebugShaders NO-SOURCE
> Task :react-native-community_netinfo:generateDebugAssets UP-TO-DATE
> Task :react-native-community_netinfo:packageDebugAssets UP-TO-DATE
> Task :react-native-community_netinfo:prepareDebugArtProfile UP-TO-DATE
> Task :react-native-community_netinfo:prepareLintJarForPublish UP-TO-DATE
> Task :react-native-community_netinfo:processDebugJavaRes NO-SOURCE
> Task :app:mergeDebugResources
> Task :react-native-community_netinfo:mergeDebugJavaResource UP-TO-DATE
> Task :react-native-community_netinfo:syncDebugLibJars UP-TO-DATE
> Task :react-native-community_netinfo:writeDebugAarMetadata UP-TO-DATE
> Task :react-native-community_netinfo:bundleDebugAar UP-TO-DATE
> Task :react-native-community_netinfo:assembleDebug UP-TO-DATE
> Task :react-native-firebase_app:preBuild UP-TO-DATE
> Task :react-native-firebase_app:preDebugBuild UP-TO-DATE
> Task :react-native-firebase_app:mergeDebugJniLibFolders UP-TO-DATE
> Task :react-native-firebase_app:mergeDebugNativeLibs NO-SOURCE
> Task :react-native-firebase_app:stripDebugDebugSymbols NO-SOURCE
> Task :react-native-firebase_app:copyDebugJniLibsProjectAndLocalJars UP-TO-DATE
> Task :react-native-firebase_app:generateDebugBuildConfig UP-TO-DATE
> Task :react-native-firebase_app:generateDebugResValues UP-TO-DATE
> Task :react-native-firebase_app:generateDebugResources UP-TO-DATE
> Task :react-native-firebase_app:packageDebugResources UP-TO-DATE
> Task :react-native-firebase_app:parseDebugLocalResources UP-TO-DATE
> Task :react-native-firebase_app:processDebugManifest UP-TO-DATE
> Task :react-native-firebase_app:generateDebugRFile UP-TO-DATE
> Task :react-native-firebase_app:extractDebugAnnotations UP-TO-DATE
> Task :react-native-firebase_app:extractDeepLinksForAarDebug UP-TO-DATE
> Task :react-native-firebase_app:javaPreCompileDebug UP-TO-DATE
> Task :react-native-firebase_app:compileDebugJavaWithJavac UP-TO-DATE
> Task :react-native-firebase_app:mergeDebugGeneratedProguardFiles UP-TO-DATE
> Task :react-native-firebase_app:mergeDebugConsumerProguardFiles UP-TO-DATE
> Task :react-native-firebase_app:mergeDebugShaders UP-TO-DATE
> Task :react-native-firebase_app:compileDebugShaders NO-SOURCE
> Task :react-native-firebase_app:generateDebugAssets UP-TO-DATE
> Task :react-native-firebase_app:packageDebugAssets UP-TO-DATE
> Task :react-native-firebase_app:prepareDebugArtProfile UP-TO-DATE
> Task :react-native-firebase_app:prepareLintJarForPublish UP-TO-DATE
> Task :react-native-firebase_app:processDebugJavaRes NO-SOURCE
> Task :react-native-firebase_app:mergeDebugJavaResource UP-TO-DATE
> Task :react-native-firebase_app:syncDebugLibJars UP-TO-DATE
> Task :react-native-firebase_app:writeDebugAarMetadata UP-TO-DATE
> Task :react-native-firebase_app:bundleDebugAar UP-TO-DATE
> Task :react-native-firebase_app:assembleDebug UP-TO-DATE
> Task :react-native-firebase_messaging:preBuild UP-TO-DATE
> Task :react-native-firebase_messaging:preDebugBuild UP-TO-DATE
> Task :react-native-firebase_messaging:mergeDebugJniLibFolders UP-TO-DATE
> Task :react-native-firebase_messaging:mergeDebugNativeLibs NO-SOURCE
> Task :react-native-firebase_messaging:stripDebugDebugSymbols NO-SOURCE
> Task :react-native-firebase_messaging:copyDebugJniLibsProjectAndLocalJars UP-TO-DATE
> Task :react-native-firebase_app:bundleLibCompileToJarDebug UP-TO-DATE
> Task :react-native-firebase_messaging:generateDebugBuildConfig UP-TO-DATE
> Task :react-native-firebase_messaging:generateDebugResValues UP-TO-DATE
> Task :react-native-firebase_messaging:generateDebugResources UP-TO-DATE
> Task :react-native-firebase_messaging:packageDebugResources UP-TO-DATE
> Task :react-native-firebase_messaging:parseDebugLocalResources UP-TO-DATE
> Task :react-native-firebase_messaging:processDebugManifest UP-TO-DATE
> Task :react-native-firebase_messaging:generateDebugRFile UP-TO-DATE
> Task :react-native-firebase_messaging:extractDebugAnnotations UP-TO-DATE
> Task :react-native-firebase_messaging:extractDeepLinksForAarDebug UP-TO-DATE
> Task :react-native-firebase_messaging:javaPreCompileDebug UP-TO-DATE
> Task :react-native-firebase_messaging:compileDebugJavaWithJavac UP-TO-DATE
> Task :react-native-firebase_messaging:mergeDebugGeneratedProguardFiles
> Task :react-native-firebase_messaging:mergeDebugConsumerProguardFiles
> Task :react-native-firebase_messaging:mergeDebugShaders UP-TO-DATE
> Task :react-native-firebase_messaging:compileDebugShaders NO-SOURCE
> Task :react-native-firebase_messaging:generateDebugAssets UP-TO-DATE
> Task :react-native-firebase_messaging:packageDebugAssets UP-TO-DATE
> Task :react-native-firebase_messaging:prepareDebugArtProfile UP-TO-DATE
> Task :react-native-firebase_messaging:prepareLintJarForPublish UP-TO-DATE
> Task :react-native-firebase_messaging:processDebugJavaRes NO-SOURCE
> Task :react-native-firebase_messaging:mergeDebugJavaResource UP-TO-DATE
> Task :react-native-firebase_messaging:syncDebugLibJars
> Task :react-native-firebase_messaging:writeDebugAarMetadata UP-TO-DATE
> Task :react-native-firebase_messaging:bundleDebugAar
> Task :react-native-firebase_messaging:assembleDebug
> Task :react-native-gesture-handler:preBuild UP-TO-DATE
> Task :react-native-gesture-handler:preDebugBuild UP-TO-DATE
> Task :react-native-gesture-handler:mergeDebugJniLibFolders UP-TO-DATE
> Task :react-native-gesture-handler:mergeDebugNativeLibs NO-SOURCE
> Task :react-native-gesture-handler:stripDebugDebugSymbols NO-SOURCE
> Task :react-native-gesture-handler:copyDebugJniLibsProjectAndLocalJars
> Task :react-native-gesture-handler:generateDebugBuildConfig UP-TO-DATE
> Task :react-native-gesture-handler:generateDebugResValues UP-TO-DATE
> Task :react-native-gesture-handler:generateDebugResources UP-TO-DATE
> Task :react-native-gesture-handler:packageDebugResources UP-TO-DATE
> Task :react-native-gesture-handler:parseDebugLocalResources UP-TO-DATE
> Task :react-native-gesture-handler:processDebugManifest UP-TO-DATE
> Task :react-native-gesture-handler:generateDebugRFile UP-TO-DATE
> Task :react-native-reanimated:assertLatestReactNativeWithNewArchitectureTask SKIPPED
> Task :react-native-reanimated:assertMinimalReactNativeVersionTask SKIPPED
> Task :react-native-reanimated:prepareHeadersForPrefab UP-TO-DATE
> Task :react-native-reanimated:preBuild UP-TO-DATE
> Task :react-native-reanimated:preDebugBuild UP-TO-DATE
> Task :react-native-reanimated:generateDebugBuildConfig UP-TO-DATE
> Task :react-native-reanimated:generateDebugResValues UP-TO-DATE
> Task :react-native-reanimated:generateDebugResources UP-TO-DATE
> Task :react-native-reanimated:packageDebugResources UP-TO-DATE
> Task :react-native-reanimated:parseDebugLocalResources UP-TO-DATE
> Task :react-native-reanimated:processDebugManifest UP-TO-DATE
> Task :react-native-reanimated:generateDebugRFile UP-TO-DATE
> Task :react-native-reanimated:javaPreCompileDebug UP-TO-DATE
> Task :react-native-reanimated:packageNdkLibs NO-SOURCE
> Task :react-native-reanimated:compileDebugJavaWithJavac UP-TO-DATE
> Task :react-native-reanimated:bundleLibCompileToJarDebug UP-TO-DATE
> Task :react-native-gesture-handler:compileDebugKotlin UP-TO-DATE
> Task :react-native-gesture-handler:extractDebugAnnotations
> Task :react-native-gesture-handler:extractDeepLinksForAarDebug
> Task :react-native-gesture-handler:javaPreCompileDebug UP-TO-DATE
> Task :react-native-gesture-handler:compileDebugJavaWithJavac UP-TO-DATE
> Task :react-native-gesture-handler:mergeDebugGeneratedProguardFiles
> Task :react-native-gesture-handler:mergeDebugConsumerProguardFiles
> Task :react-native-gesture-handler:mergeDebugShaders UP-TO-DATE
> Task :react-native-gesture-handler:compileDebugShaders NO-SOURCE
> Task :react-native-gesture-handler:generateDebugAssets UP-TO-DATE
> Task :react-native-gesture-handler:packageDebugAssets UP-TO-DATE
> Task :react-native-gesture-handler:prepareDebugArtProfile
> Task :react-native-gesture-handler:prepareLintJarForPublish
> Task :react-native-gesture-handler:processDebugJavaRes
> Task :react-native-gesture-handler:writeDebugAarMetadata UP-TO-DATE
> Task :react-native-image-crop-picker:preBuild UP-TO-DATE
> Task :react-native-image-crop-picker:preDebugBuild UP-TO-DATE
> Task :react-native-image-crop-picker:mergeDebugJniLibFolders
> Task :react-native-image-crop-picker:mergeDebugNativeLibs NO-SOURCE
> Task :react-native-image-crop-picker:stripDebugDebugSymbols NO-SOURCE
> Task :react-native-image-crop-picker:copyDebugJniLibsProjectAndLocalJars
> Task :react-native-image-crop-picker:generateDebugBuildConfig UP-TO-DATE
> Task :react-native-image-crop-picker:generateDebugResValues UP-TO-DATE
> Task :react-native-image-crop-picker:generateDebugResources UP-TO-DATE
> Task :react-native-image-crop-picker:packageDebugResources UP-TO-DATE
> Task :react-native-image-crop-picker:parseDebugLocalResources UP-TO-DATE
> Task :react-native-image-crop-picker:processDebugManifest UP-TO-DATE
> Task :react-native-gesture-handler:mergeDebugJavaResource
> Task :react-native-image-crop-picker:generateDebugRFile UP-TO-DATE
> Task :react-native-gesture-handler:syncDebugLibJars
> Task :react-native-gesture-handler:bundleDebugAar
> Task :react-native-gesture-handler:assembleDebug
> Task :react-native-image-crop-picker:extractDebugAnnotations
> Task :react-native-image-crop-picker:extractDeepLinksForAarDebug
> Task :react-native-image-crop-picker:javaPreCompileDebug UP-TO-DATE
> Task :react-native-image-crop-picker:compileDebugJavaWithJavac UP-TO-DATE
> Task :react-native-image-crop-picker:mergeDebugGeneratedProguardFiles
> Task :react-native-image-crop-picker:mergeDebugConsumerProguardFiles
> Task :react-native-image-crop-picker:mergeDebugShaders UP-TO-DATE
> Task :react-native-image-crop-picker:compileDebugShaders NO-SOURCE
> Task :react-native-image-crop-picker:generateDebugAssets UP-TO-DATE
> Task :react-native-image-crop-picker:packageDebugAssets UP-TO-DATE
> Task :react-native-image-crop-picker:prepareDebugArtProfile
> Task :react-native-image-crop-picker:processDebugJavaRes NO-SOURCE
> Task :react-native-image-crop-picker:prepareLintJarForPublish
> Task :react-native-image-crop-picker:writeDebugAarMetadata UP-TO-DATE
> Task :react-native-keychain:preBuild UP-TO-DATE
> Task :react-native-keychain:preDebugBuild UP-TO-DATE
> Task :react-native-keychain:mergeDebugJniLibFolders
> Task :react-native-keychain:mergeDebugNativeLibs NO-SOURCE
> Task :react-native-keychain:stripDebugDebugSymbols NO-SOURCE
> Task :react-native-image-crop-picker:mergeDebugJavaResource
> Task :react-native-keychain:copyDebugJniLibsProjectAndLocalJars
> Task :app:processDebugResources FAILED
> Task :react-native-image-crop-picker:syncDebugLibJars
.\gradlew : 
At line:1 char:1
+ .\gradlew 
assembleDebug > 
..\build_error.log 
2>&1
+ ~~~~~~~~~~~~~~~~~~~~
~~~~~~~~~~~~~~~~~~~~~~
~~~~~~~
    + CategoryInfo    
          : NotSpeci  
  fied: (:String) [   
 ], RemoteExceptio    
n
    + FullyQualifiedE 
   rrorId : NativeCo  
  mmandError
 
FAILURE: Build failed 
with an exception.

* What went wrong:
Execution failed for 
task ':app:processDebu
gResources'.
> A failure occurred 
while executing com.an
droid.build.gradle.int
ernal.res.LinkApplicat
ionAndroidResourcesTas
k$TaskAction
   > Android resource 
linking failed
     error: resource s
tyle/Theme.BootSplash 
(aka com.food_delivery
_mobile_app:style/Them
e.BootSplash) not 
found.
     com.food_delivery
_mobile_app-mergeDebug
Resources-24:/values/v
alues.xml:1482: 
error: style 
attribute 'attr/bootSp
lashBackground (aka co
m.food_delivery_mobile
_app:attr/bootSplashBa
ckground)' not found.
     com.food_delivery
_mobile_app-mergeDebug
Resources-24:/values/v
alues.xml:1483: 
error: style 
attribute 
'attr/bootSplashLogo 
(aka com.food_delivery
_mobile_app:attr/bootS
plashLogo)' not found.
     com.food_delivery
_mobile_app-mergeDebug
Resources-24:/values/v
alues.xml:1484: 
error: style 
attribute 'attr/postBo
otSplashTheme (aka com
.food_delivery_mobile_
app:attr/postBootSplas
hTheme)' not found.
     error: resource s
tyle/Theme.BootSplash 
(aka com.food_delivery
_mobile_app:style/Them
e.BootSplash) not 
found.
     com.food_delivery
_mobile_app-mergeDebug
Resources-24:/values-n
ight-v8/values-night-v
8.xml:10: error: 
style attribute 'attr/
bootSplashBackground 
(aka com.food_delivery
_mobile_app:attr/bootS
plashBackground)' not 
found.
     com.food_delivery
_mobile_app-mergeDebug
Resources-24:/values-n
ight-v8/values-night-v
8.xml:11: error: 
style attribute 
'attr/bootSplashLogo 
(aka com.food_delivery
_mobile_app:attr/bootS
plashLogo)' not found.
     com.food_delivery
_mobile_app-mergeDebug
Resources-24:/values-n
ight-v8/values-night-v
8.xml:12: error: 
style attribute 'attr/
postBootSplashTheme 
(aka com.food_delivery
_mobile_app:attr/postB
ootSplashTheme)' not 
found.
     error: failed 
linking references.


* Try:
> Run with 
--stacktrace option 
to get the stack 
trace.
> Run with --info or 
--debug option to get 
more log output.
> Run with --scan to 
get full insights.
> Get more help at htt
ps://help.gradle.org.

Deprecated Gradle features were used in this build, making it incompatible with Gradle 9.0.

You can use '--warning-mode all' to show the individual deprecation warnings and determine if they come from your own scripts or plugins.

For more on this, please refer to https://docs.gradle.org/8.3/userguide/command_line_interface.html#sec:command_line_warnings in the Gradle documentation.

BUILD FAILED in 52s
201 actionable tasks: 34 executed, 167 up-to-date
